draw  6: eighs=  25 hv=  93 time=  6.76s err=6.7e-14 conv=true
   hist tail: 1.16e-13 2.37e-13 1.75e-13 1.07e-13 1.76e-13 2.38e-13 2.92e-13 2.88e-13 1.35e-13 1.28e-13 3.23e-13 6.71e-14
draw 163: eighs=  70 hv= 127 time= 13.46s err=7.0e-14 conv=true
   hist tail: 7.69e-13 1.90e-13 2.83e-13 3.23e-13 5.79e-13 3.95e-13 3.40e-13 3.12e-13 2.43e-13 3.86e-13 6.29e-13 7.01e-14
draw 212: eighs=  24 hv= 156 time=  9.31s err=8.9e-14 conv=true
   hist tail: 1.37e-13 1.22e-13 1.32e-13 1.20e-13 2.04e-13 3.21e-13 1.39e-13 2.88e-13 3.09e-13 3.02e-13 1.14e-13 8.89e-14
draw 218: eighs=  32 hv=  90 time=  7.55s err=8.4e-14 conv=true
   hist tail: 2.50e-13 1.82e-13 2.29e-13 4.51e-13 2.49e-13 2.77e-13 5.99e-13 2.37e-13 2.42e-13 1.66e-13 5.25e-13 8.44e-14
draw 219: eighs=  28 hv=  93 time=  7.26s err=6.6e-14 conv=true
   hist tail: 1.96e-13 4.81e-13 4.61e-13 1.03e-13 8.47e-13 4.03e-13 1.09e-12 2.95e-13 3.18e-13 8.46e-13 3.56e-13 6.64e-14
draw 227: eighs=  97 hv= 125 time= 16.70s err=8.4e-14 conv=true
   hist tail: 3.88e-13 5.73e-13 2.90e-13 1.16e-12 7.58e-13 7.70e-13 8.54e-13 5.27e-13 4.08e-13 7.24e-13 3.48e-13 8.44e-14
draw 235: eighs= 116 hv=  87 time= 17.67s err=4.5e-14 conv=true
   hist tail: 6.74e-13 1.94e-13 9.53e-13 3.12e-13 1.20e-12 1.18e-12 1.53e-12 6.41e-13 1.04e-12 9.78e-13 3.57e-13 4.46e-14
draw 242: eighs=  31 hv=  95 time=  7.58s err=7.8e-14 conv=true
   hist tail: 2.21e-13 2.55e-13 1.19e-13 1.55e-13 2.35e-13 3.51e-13 4.21e-13 2.51e-13 1.17e-13 1.82e-13 3.47e-13 7.76e-14
draw 306: eighs= 159 hv= 113 time= 23.29s err=7.4e-14 conv=true
   hist tail: 2.52e-13 4.30e-13 9.67e-13 7.85e-13 2.54e-13 3.86e-13 8.66e-13 1.73e-13 4.77e-13 4.50e-13 4.16e-13 7.36e-14
draw 336: eighs=  32 hv= 137 time=  9.57s err=6.7e-14 conv=true
   hist tail: 3.11e-13 4.37e-13 1.45e-13 2.24e-13 4.88e-13 5.31e-13 5.12e-13 1.37e-13 4.15e-13 1.50e-13 2.06e-13 6.70e-14
draw 375: eighs=  30 hv=  91 time=  7.39s err=9.4e-14 conv=true
   hist tail: 4.15e-13 6.30e-13 1.11e-13 1.97e-13 1.28e-13 4.28e-13 4.20e-13 3.33e-13 2.08e-13 2.16e-13 1.82e-13 9.39e-14
draw 452: eighs=  24 hv=  96 time=  6.94s err=8.3e-14 conv=true
   hist tail: 5.30e-13 5.73e-13 1.40e-13 3.18e-13 5.15e-13 2.67e-13 2.54e-13 1.34e-13 5.25e-13 3.07e-13 6.85e-13 8.29e-14
draw 469: eighs=  27 hv=  97 time=  7.28s err=8.7e-14 conv=true
   hist tail: 1.04e-13 1.98e-13 2.22e-13 1.75e-13 3.46e-13 6.54e-13 3.51e-13 2.38e-13 4.34e-13 2.27e-13 1.60e-13 8.73e-14
draw 474: eighs=  41 hv=  90 time=  8.63s err=8.1e-14 conv=true
   hist tail: 1.64e-13 2.94e-13 2.02e-13 8.98e-13 6.49e-13 6.26e-13 1.43e-12 3.82e-13 3.92e-13 1.22e-12 3.74e-13 8.11e-14
draw 476: eighs=  27 hv=  97 time=  7.26s err=9.8e-14 conv=true
   hist tail: 3.08e-13 3.23e-13 4.77e-13 1.75e-13 7.47e-13 3.72e-13 1.29e-13 6.59e-13 3.56e-13 3.58e-13 1.14e-13 9.80e-14
draw 493: eighs=  54 hv=  91 time= 10.36s err=7.9e-14 conv=true
   hist tail: 1.82e-13 6.73e-13 1.50e-13 1.46e-13 4.39e-13 2.47e-13 1.23e-13 1.20e-13 3.28e-13 1.53e-13 2.90e-13 7.88e-14
n=800 recheck (tol=1e-13): median eighs=8 [7,8] max=159 fails=0/500
